{"time":"2026-01-05T18:59:41.3682617-05:00","level":"INFO","msg":"Listening on server HTTPS/2 -  http://streamingNotifyHub:3002","app":"streamingNotifyHub","pid":28496}
{"time":"2026-01-05T18:59:41.3682617-05:00","level":"INFO","msg":"Cargando certificados desde","app":"streamingNotifyHub","pid":28496,"cert":"C:\\Users\\ospin\\Documents\\prueba tecnica periferia\\redsocial\\localhost.pem","key":"C:\\Users\\ospin\\Documents\\prueba tecnica periferia\\redsocial\\localhost-key.pem"}
{"time":"2026-01-05T18:59:41.368824-05:00","level":"ERROR","msg":"Error Fiber ListenTLS","app":"streamingNotifyHub","pid":28496,"error":"tls: cannot load TLS key pair from certFile=\"localhost.pem\" and keyFile=\"localhost-key.pem\": open localhost.pem: The system cannot find the file specified."}
{"time":"2026-01-05T18:59:53.2767295-05:00","level":"INFO","msg":"Apagando servidor...","app":"streamingNotifyHub","pid":28496}
{"time":"2026-01-05T18:59:55.9885316-05:00","level":"INFO","msg":"Listening on server HTTPS/2 -  http://streamingNotifyHub:3002","app":"streamingNotifyHub","pid":27536}
{"time":"2026-01-05T18:59:55.989087-05:00","level":"INFO","msg":"Cargando certificados desde","app":"streamingNotifyHub","pid":27536,"cert":"C:\\Users\\ospin\\Documents\\prueba tecnica periferia\\redsocial\\localhost.pem","key":"C:\\Users\\ospin\\Documents\\prueba tecnica periferia\\redsocial\\localhost-key.pem"}
{"time":"2026-01-05T18:59:55.9896358-05:00","level":"ERROR","msg":"Error Fiber ListenTLS","app":"streamingNotifyHub","pid":27536,"error":"tls: cannot load TLS key pair from certFile=\"localhost.pem\" and keyFile=\"localhost-key.pem\": open localhost.pem: The system cannot find the file specified."}
{"time":"2026-01-05T19:01:07.3681681-05:00","level":"INFO","msg":"Listening on server HTTPS/2 -  http://streamingNotifyHub:3002","app":"streamingNotifyHub","pid":5576}
{"time":"2026-01-05T19:01:44.8850789-05:00","level":"INFO","msg":"Listening on server HTTPS/2 -  http://streamingNotifyHub:3002","app":"streamingNotifyHub","pid":25456}
{"time":"2026-01-05T19:01:47.2710635-05:00","level":"INFO","msg":"Listening on server HTTPS/2 -  http://streamingNotifyHub:3003","app":"streamingNotifyHub","pid":28520}
{"time":"2026-01-05T19:03:53.1739884-05:00","level":"INFO","msg":"Apagando servidor...","app":"streamingNotifyHub","pid":28520}
{"time":"2026-01-05T19:03:57.4936769-05:00","level":"INFO","msg":"Listening on server HTTPS/2 -  http://streamingNotifyHub:3003","app":"streamingNotifyHub","pid":13144}
{"time":"2026-01-05T19:06:15.5674519-05:00","level":"INFO","msg":"Listening on server HTTPS/2 -  http://streamingNotifyHub:3003","app":"streamingNotifyHub","pid":27928}
{"time":"2026-01-05T19:06:19.9738067-05:00","level":"INFO","msg":"Listening on server HTTPS/2 -  http://streamingNotifyHub:3003","app":"streamingNotifyHub","pid":6652}
{"time":"2026-01-05T19:06:30.4834868-05:00","level":"INFO","msg":"Listening on server HTTPS/2 -  http://streamingNotifyHub:3003","app":"streamingNotifyHub","pid":6128}
{"time":"2026-01-05T19:07:33.5085962-05:00","level":"INFO","msg":"Listening on server HTTPS/2 -  http://streamingNotifyHub:3003","app":"streamingNotifyHub","pid":3124}
{"time":"2026-01-05T19:08:02.7604992-05:00","level":"INFO","msg":"Listening on server HTTPS/2 -  http://streamingNotifyHub:3003","app":"streamingNotifyHub","pid":11988}
{"time":"2026-01-05T19:08:09.8717301-05:00","level":"INFO","msg":"Listening on server HTTPS/2 -  http://streamingNotifyHub:3003","app":"streamingNotifyHub","pid":400}
{"time":"2026-01-05T19:09:03.7000221-05:00","level":"INFO","msg":"Listening on server HTTPS/2 -  http://streamingNotifyHub:3003","app":"streamingNotifyHub","pid":12296}
{"time":"2026-01-05T19:09:17.6836353-05:00","level":"INFO","msg":"Listening on server HTTPS/2 -  http://streamingNotifyHub:3003","app":"streamingNotifyHub","pid":12876}
{"time":"2026-01-05T19:09:21.9094608-05:00","level":"INFO","msg":"Listening on server HTTPS/2 -  http://streamingNotifyHub:3003","app":"streamingNotifyHub","pid":26652}
{"time":"2026-01-05T19:09:57.1504675-05:00","level":"INFO","msg":"Listening on server HTTPS/2 -  http://streamingNotifyHub:3003","app":"streamingNotifyHub","pid":28856}
{"time":"2026-01-05T19:10:15.8170158-05:00","level":"INFO","msg":"Listening on server HTTPS/2 -  http://streamingNotifyHub:3003","app":"streamingNotifyHub","pid":24984}
{"time":"2026-01-05T19:10:18.393031-05:00","level":"INFO","msg":"Listening on server HTTPS/2 -  http://streamingNotifyHub:3003","app":"streamingNotifyHub","pid":25024}
{"time":"2026-01-05T19:10:27.5999246-05:00","level":"INFO","msg":"Listening on server HTTPS/2 -  http://streamingNotifyHub:3003","app":"streamingNotifyHub","pid":29084}
{"time":"2026-01-05T19:11:03.4139238-05:00","level":"INFO","msg":"Listening on server HTTPS/2 -  http://streamingNotifyHub:3003","app":"streamingNotifyHub","pid":16928}
{"time":"2026-01-05T19:11:11.8990401-05:00","level":"INFO","msg":"Listening on server HTTPS/2 -  http://streamingNotifyHub:3003","app":"streamingNotifyHub","pid":29280}
{"time":"2026-01-05T19:12:21.8185999-05:00","level":"INFO","msg":"Listening on server HTTPS/2 -  http://streamingNotifyHub:3003","app":"streamingNotifyHub","pid":27320}
{"time":"2026-01-05T19:12:29.9705248-05:00","level":"INFO","msg":"Listening on server HTTPS/2 -  http://streamingNotifyHub:3003","app":"streamingNotifyHub","pid":17044}
{"time":"2026-01-05T19:12:49.5427403-05:00","level":"INFO","msg":"Listening on server HTTPS/2 -  http://streamingNotifyHub:3003","app":"streamingNotifyHub","pid":29672}
{"time":"2026-01-05T19:13:03.5122231-05:00","level":"INFO","msg":"Listening on server HTTPS/2 -  http://streamingNotifyHub:3003","app":"streamingNotifyHub","pid":24060}
{"time":"2026-01-05T19:13:43.4661494-05:00","level":"INFO","msg":"Listening on server HTTPS/2 -  http://streamingNotifyHub:3003","app":"streamingNotifyHub","pid":12168}
{"time":"2026-01-05T19:14:14.0629312-05:00","level":"INFO","msg":"Listening on server HTTPS/2 -  http://streamingNotifyHub:3003","app":"streamingNotifyHub","pid":27572}
{"time":"2026-01-05T19:14:25.7965016-05:00","level":"INFO","msg":"Listening on server HTTPS/2 -  http://streamingNotifyHub:3003","app":"streamingNotifyHub","pid":29160}
{"time":"2026-01-05T19:14:30.2587275-05:00","level":"INFO","msg":"Listening on server HTTPS/2 -  http://streamingNotifyHub:3003","app":"streamingNotifyHub","pid":10136}
{"time":"2026-01-05T19:14:43.1009689-05:00","level":"INFO","msg":"Listening on server HTTPS/2 -  http://streamingNotifyHub:3003","app":"streamingNotifyHub","pid":29204}
{"time":"2026-01-05T19:14:49.6851342-05:00","level":"INFO","msg":"Listening on server HTTPS/2 -  http://streamingNotifyHub:3003","app":"streamingNotifyHub","pid":24320}
{"time":"2026-01-05T19:14:57.0236366-05:00","level":"INFO","msg":"Listening on server HTTPS/2 -  http://streamingNotifyHub:3003","app":"streamingNotifyHub","pid":16768}
{"time":"2026-01-05T19:15:16.3221102-05:00","level":"INFO","msg":"Listening on server HTTPS/2 -  http://streamingNotifyHub:3003","app":"streamingNotifyHub","pid":25168}
{"time":"2026-01-05T19:15:33.4546936-05:00","level":"INFO","msg":"Listening on server HTTPS/2 -  http://streamingNotifyHub:3003","app":"streamingNotifyHub","pid":28980}
{"time":"2026-01-05T19:16:16.5004884-05:00","level":"INFO","msg":"Listening on server HTTPS/2 -  http://streamingNotifyHub:3003","app":"streamingNotifyHub","pid":27972}
{"time":"2026-01-05T19:16:35.7855478-05:00","level":"INFO","msg":"Listening on server HTTPS/2 -  http://streamingNotifyHub:3003","app":"streamingNotifyHub","pid":10172}
{"time":"2026-01-05T19:17:15.2106621-05:00","level":"INFO","msg":"Listening on server HTTPS/2 -  http://streamingNotifyHub:3003","app":"streamingNotifyHub","pid":26900}
{"time":"2026-01-05T19:17:24.8551573-05:00","level":"INFO","msg":"Listening on server HTTPS/2 -  http://streamingNotifyHub:3003","app":"streamingNotifyHub","pid":19596}
{"time":"2026-01-05T19:17:27.1796632-05:00","level":"INFO","msg":"Listening on server HTTPS/2 -  http://streamingNotifyHub:3003","app":"streamingNotifyHub","pid":6500}
{"time":"2026-01-05T19:17:44.5482737-05:00","level":"INFO","msg":"Listening on server HTTPS/2 -  http://streamingNotifyHub:3003","app":"streamingNotifyHub","pid":12360}
{"time":"2026-01-05T19:18:03.4204395-05:00","level":"INFO","msg":"Listening on server HTTPS/2 -  http://streamingNotifyHub:3003","app":"streamingNotifyHub","pid":1980}
{"time":"2026-01-05T19:18:43.6590871-05:00","level":"INFO","msg":"Listening on server HTTPS/2 -  http://streamingNotifyHub:3003","app":"streamingNotifyHub","pid":12012}
{"time":"2026-01-05T19:19:25.9481338-05:00","level":"INFO","msg":"Listening on server HTTPS/2 -  http://streamingNotifyHub:3003","app":"streamingNotifyHub","pid":17796}
{"time":"2026-01-05T19:20:13.5259553-05:00","level":"INFO","msg":"Listening on server HTTPS/2 -  http://streamingNotifyHub:3003","app":"streamingNotifyHub","pid":11500}
{"time":"2026-01-05T19:20:49.210243-05:00","level":"INFO","msg":"Listening on server HTTPS/2 -  http://streamingNotifyHub:3003","app":"streamingNotifyHub","pid":28040}
{"time":"2026-01-05T19:20:51.8700764-05:00","level":"INFO","msg":"Listening on server HTTPS/2 -  http://streamingNotifyHub:3003","app":"streamingNotifyHub","pid":19724}
{"time":"2026-01-05T19:21:20.3996331-05:00","level":"INFO","msg":"Listening on server HTTPS/2 -  http://streamingNotifyHub:3003","app":"streamingNotifyHub","pid":2868}
{"time":"2026-01-05T19:21:35.3876058-05:00","level":"INFO","msg":"Listening on server HTTPS/2 -  http://streamingNotifyHub:3003","app":"streamingNotifyHub","pid":8260}
{"time":"2026-01-05T19:21:39.0173455-05:00","level":"INFO","msg":"Listening on server HTTPS/2 -  http://streamingNotifyHub:3003","app":"streamingNotifyHub","pid":1504}
{"time":"2026-01-05T19:21:46.4830089-05:00","level":"INFO","msg":"Listening on server HTTPS/2 -  http://streamingNotifyHub:3003","app":"streamingNotifyHub","pid":27584}
{"time":"2026-01-05T19:21:51.1595465-05:00","level":"INFO","msg":"Listening on server HTTPS/2 -  http://streamingNotifyHub:3003","app":"streamingNotifyHub","pid":10748}
{"time":"2026-01-05T19:22:50.0025273-05:00","level":"INFO","msg":"Listening on server HTTPS/2 -  http://streamingNotifyHub:3003","app":"streamingNotifyHub","pid":5972}
{"time":"2026-01-05T19:23:30.6675618-05:00","level":"INFO","msg":"Listening on server HTTPS/2 -  http://streamingNotifyHub:3003","app":"streamingNotifyHub","pid":29152}
{"time":"2026-01-05T19:24:22.7306573-05:00","level":"INFO","msg":"Listening on server HTTPS/2 -  http://streamingNotifyHub:3003","app":"streamingNotifyHub","pid":18060}
{"time":"2026-01-05T19:42:27.1938322-05:00","level":"INFO","msg":"Listening on server HTTPS/2 -  http://streamingNotifyHub:3003","app":"streamingNotifyHub","pid":21552}
{"time":"2026-01-05T19:42:37.3359667-05:00","level":"INFO","msg":"Listening on server HTTPS/2 -  http://streamingNotifyHub:3003","app":"streamingNotifyHub","pid":21456}
{"time":"2026-01-05T19:42:55.313692-05:00","level":"INFO","msg":"Listening on server HTTPS/2 -  http://streamingNotifyHub:3003","app":"streamingNotifyHub","pid":10844}
{"time":"2026-01-05T19:42:56.7638617-05:00","level":"INFO","msg":"Listening on server HTTPS/2 -  http://streamingNotifyHub:3003","app":"streamingNotifyHub","pid":29964}
{"time":"2026-01-05T19:42:56.7656187-05:00","level":"ERROR","msg":"Error Fiber ListenTLS","app":"streamingNotifyHub","pid":29964,"error":"failed to listen: listen tcp4 :3003: bind: Only one usage of each socket address (protocol/network address/port) is normally permitted."}
{"time":"2026-01-05T19:43:23.7797354-05:00","level":"INFO","msg":"Listening on server HTTPS/2 -  http://streamingNotifyHub:3003","app":"streamingNotifyHub","pid":21464}
{"time":"2026-01-05T19:43:48.1532312-05:00","level":"INFO","msg":"Listening on server HTTPS/2 -  http://streamingNotifyHub:3003","app":"streamingNotifyHub","pid":22140}
{"time":"2026-01-05T19:44:03.0967508-05:00","level":"INFO","msg":"Listening on server HTTPS/2 -  http://streamingNotifyHub:3003","app":"streamingNotifyHub","pid":24320}
{"time":"2026-01-05T19:44:11.378345-05:00","level":"INFO","msg":"Listening on server HTTPS/2 -  http://streamingNotifyHub:3003","app":"streamingNotifyHub","pid":30484}
{"time":"2026-01-05T19:44:16.1984361-05:00","level":"INFO","msg":"Listening on server HTTPS/2 -  http://streamingNotifyHub:3003","app":"streamingNotifyHub","pid":9228}
{"time":"2026-01-05T19:46:13.6716095-05:00","level":"INFO","msg":"Listening on server HTTPS/2 -  http://streamingNotifyHub:3003","app":"streamingNotifyHub","pid":19656}
{"time":"2026-01-05T19:46:40.1335692-05:00","level":"INFO","msg":"Listening on server HTTPS/2 -  http://streamingNotifyHub:3003","app":"streamingNotifyHub","pid":8072}
{"time":"2026-01-05T19:48:43.1034637-05:00","level":"INFO","msg":"Listening on server HTTPS/2 -  http://streamingNotifyHub:3003","app":"streamingNotifyHub","pid":25800}
{"time":"2026-01-05T19:49:04.7613219-05:00","level":"INFO","msg":"Listening on server HTTPS/2 -  http://streamingNotifyHub:3003","app":"streamingNotifyHub","pid":9808}
{"time":"2026-01-05T19:49:07.5247409-05:00","level":"INFO","msg":"Listening on server HTTPS/2 -  http://streamingNotifyHub:3003","app":"streamingNotifyHub","pid":15320}
{"time":"2026-01-05T19:49:39.7265645-05:00","level":"INFO","msg":"Listening on server HTTPS/2 -  http://streamingNotifyHub:3003","app":"streamingNotifyHub","pid":25984}
{"time":"2026-01-05T19:49:59.7688684-05:00","level":"INFO","msg":"Listening on server HTTPS/2 -  http://streamingNotifyHub:3003","app":"streamingNotifyHub","pid":1012}
{"time":"2026-01-05T19:51:11.9686356-05:00","level":"INFO","msg":"Listening on server HTTPS/2 -  http://streamingNotifyHub:3003","app":"streamingNotifyHub","pid":1948}
{"time":"2026-01-05T19:51:58.9839677-05:00","level":"INFO","msg":"Listening on server HTTPS/2 -  http://streamingNotifyHub:3003","app":"streamingNotifyHub","pid":27148}
{"time":"2026-01-05T19:52:04.6584814-05:00","level":"INFO","msg":"Listening on server HTTPS/2 -  http://streamingNotifyHub:3003","app":"streamingNotifyHub","pid":14780}
{"time":"2026-01-05T19:52:41.685208-05:00","level":"INFO","msg":"Listening on server HTTPS/2 -  http://streamingNotifyHub:3003","app":"streamingNotifyHub","pid":14836}
{"time":"2026-01-05T19:53:03.5763981-05:00","level":"INFO","msg":"Listening on server HTTPS/2 -  http://streamingNotifyHub:3003","app":"streamingNotifyHub","pid":25024}
{"time":"2026-01-05T19:53:16.2778608-05:00","level":"INFO","msg":"Listening on server HTTPS/2 -  http://streamingNotifyHub:3003","app":"streamingNotifyHub","pid":29852}
{"time":"2026-01-05T19:53:20.8915908-05:00","level":"INFO","msg":"Listening on server HTTPS/2 -  http://streamingNotifyHub:3003","app":"streamingNotifyHub","pid":24760}
{"time":"2026-01-05T19:53:37.9703279-05:00","level":"INFO","msg":"Listening on server HTTPS/2 -  http://streamingNotifyHub:3003","app":"streamingNotifyHub","pid":29768}
{"time":"2026-01-05T19:54:39.3928973-05:00","level":"INFO","msg":"Listening on server HTTPS/2 -  http://streamingNotifyHub:3003","app":"streamingNotifyHub","pid":4568}
{"time":"2026-01-05T19:55:23.3336781-05:00","level":"INFO","msg":"Listening on server HTTPS/2 -  http://streamingNotifyHub:3003","app":"streamingNotifyHub","pid":28856}
{"time":"2026-01-05T19:56:08.1070676-05:00","level":"INFO","msg":"Listening on server HTTPS/2 -  http://streamingNotifyHub:3003","app":"streamingNotifyHub","pid":5972}
{"time":"2026-01-05T19:56:33.4308726-05:00","level":"INFO","msg":"Listening on server HTTPS/2 -  http://streamingNotifyHub:3003","app":"streamingNotifyHub","pid":25800}
{"time":"2026-01-05T19:57:01.9052994-05:00","level":"INFO","msg":"Listening on server HTTPS/2 -  http://streamingNotifyHub:3003","app":"streamingNotifyHub","pid":1080}
{"time":"2026-01-05T19:57:34.1119241-05:00","level":"INFO","msg":"Listening on server HTTPS/2 -  http://streamingNotifyHub:3003","app":"streamingNotifyHub","pid":29928}
{"time":"2026-01-05T19:57:37.0292968-05:00","level":"INFO","msg":"Listening on server HTTPS/2 -  http://streamingNotifyHub:3003","app":"streamingNotifyHub","pid":25820}
{"time":"2026-01-05T19:57:37.0309242-05:00","level":"ERROR","msg":"Error Fiber ListenTLS","app":"streamingNotifyHub","pid":25820,"error":"failed to listen: listen tcp4 :3003: bind: Only one usage of each socket address (protocol/network address/port) is normally permitted."}
{"time":"2026-01-05T19:57:39.4849516-05:00","level":"INFO","msg":"Listening on server HTTPS/2 -  http://streamingNotifyHub:3003","app":"streamingNotifyHub","pid":17884}
{"time":"2026-01-05T19:58:10.3764278-05:00","level":"INFO","msg":"Listening on server HTTPS/2 -  http://streamingNotifyHub:3003","app":"streamingNotifyHub","pid":6432}
{"time":"2026-01-05T19:58:35.3701953-05:00","level":"INFO","msg":"Listening on server HTTPS/2 -  http://streamingNotifyHub:3003","app":"streamingNotifyHub","pid":15556}
{"time":"2026-01-05T19:59:24.6091691-05:00","level":"INFO","msg":"Listening on server HTTPS/2 -  http://streamingNotifyHub:3003","app":"streamingNotifyHub","pid":18916}
{"time":"2026-01-05T19:59:39.3774481-05:00","level":"INFO","msg":"Listening on server HTTPS/2 -  http://streamingNotifyHub:3003","app":"streamingNotifyHub","pid":30132}
{"time":"2026-01-05T19:59:41.4673954-05:00","level":"INFO","msg":"Listening on server HTTPS/2 -  http://streamingNotifyHub:3003","app":"streamingNotifyHub","pid":2872}
{"time":"2026-01-05T19:59:41.4690358-05:00","level":"ERROR","msg":"Error Fiber ListenTLS","app":"streamingNotifyHub","pid":2872,"error":"failed to listen: listen tcp4 :3003: bind: Only one usage of each socket address (protocol/network address/port) is normally permitted."}
{"time":"2026-01-05T19:59:44.3242159-05:00","level":"INFO","msg":"Listening on server HTTPS/2 -  http://streamingNotifyHub:3003","app":"streamingNotifyHub","pid":15352}
{"time":"2026-01-05T20:00:03.128371-05:00","level":"INFO","msg":"Listening on server HTTPS/2 -  http://streamingNotifyHub:3003","app":"streamingNotifyHub","pid":29068}
{"time":"2026-01-05T20:00:33.7867363-05:00","level":"INFO","msg":"Listening on server HTTPS/2 -  http://streamingNotifyHub:3003","app":"streamingNotifyHub","pid":12360}
{"time":"2026-01-05T20:00:42.5875721-05:00","level":"INFO","msg":"Listening on server HTTPS/2 -  http://streamingNotifyHub:3003","app":"streamingNotifyHub","pid":24236}
{"time":"2026-01-05T20:00:50.5710866-05:00","level":"INFO","msg":"Listening on server HTTPS/2 -  http://streamingNotifyHub:3003","app":"streamingNotifyHub","pid":29564}
{"time":"2026-01-05T20:01:07.6806057-05:00","level":"INFO","msg":"Listening on server HTTPS/2 -  http://streamingNotifyHub:3003","app":"streamingNotifyHub","pid":26000}
{"time":"2026-01-05T20:01:44.1245031-05:00","level":"INFO","msg":"Listening on server HTTPS/2 -  http://streamingNotifyHub:3003","app":"streamingNotifyHub","pid":4616}
{"time":"2026-01-05T20:02:02.2780284-05:00","level":"INFO","msg":"Listening on server HTTPS/2 -  http://streamingNotifyHub:3003","app":"streamingNotifyHub","pid":31588}
{"time":"2026-01-05T20:02:05.5956619-05:00","level":"INFO","msg":"Listening on server HTTPS/2 -  http://streamingNotifyHub:3003","app":"streamingNotifyHub","pid":9808}
{"time":"2026-01-05T20:02:10.5801528-05:00","level":"INFO","msg":"Listening on server HTTPS/2 -  http://streamingNotifyHub:3003","app":"streamingNotifyHub","pid":27704}
{"time":"2026-01-05T20:02:25.0902019-05:00","level":"INFO","msg":"Listening on server HTTPS/2 -  http://streamingNotifyHub:3003","app":"streamingNotifyHub","pid":31644}
{"time":"2026-01-05T20:02:37.1894007-05:00","level":"INFO","msg":"Listening on server HTTPS/2 -  http://streamingNotifyHub:3003","app":"streamingNotifyHub","pid":30412}
{"time":"2026-01-05T20:02:42.8165588-05:00","level":"INFO","msg":"Listening on server HTTPS/2 -  http://streamingNotifyHub:3003","app":"streamingNotifyHub","pid":15464}
{"time":"2026-01-05T20:02:52.9879117-05:00","level":"INFO","msg":"Listening on server HTTPS/2 -  http://streamingNotifyHub:3003","app":"streamingNotifyHub","pid":27264}
{"time":"2026-01-05T20:05:19.3003607-05:00","level":"INFO","msg":"Listening on server HTTPS/2 -  http://streamingNotifyHub:3003","app":"streamingNotifyHub","pid":25724}
{"time":"2026-01-05T20:07:04.2815971-05:00","level":"INFO","msg":"Listening on server HTTPS/2 -  http://streamingNotifyHub:3003","app":"streamingNotifyHub","pid":8604}
{"time":"2026-01-05T20:07:19.9046268-05:00","level":"INFO","msg":"Listening on server HTTPS/2 -  http://streamingNotifyHub:3003","app":"streamingNotifyHub","pid":27752}
{"time":"2026-01-05T20:07:30.0705784-05:00","level":"INFO","msg":"Listening on server HTTPS/2 -  http://streamingNotifyHub:3003","app":"streamingNotifyHub","pid":29356}
{"time":"2026-01-05T20:07:41.1239539-05:00","level":"INFO","msg":"Listening on server HTTPS/2 -  http://streamingNotifyHub:3003","app":"streamingNotifyHub","pid":29520}
{"time":"2026-01-05T20:08:24.5164148-05:00","level":"INFO","msg":"Listening on server HTTPS/2 -  http://streamingNotifyHub:3003","app":"streamingNotifyHub","pid":14480}
{"time":"2026-01-05T20:08:31.7369282-05:00","level":"INFO","msg":"Listening on server HTTPS/2 -  http://streamingNotifyHub:3003","app":"streamingNotifyHub","pid":27476}
{"time":"2026-01-05T20:08:46.2807008-05:00","level":"INFO","msg":"Listening on server HTTPS/2 -  http://streamingNotifyHub:3003","app":"streamingNotifyHub","pid":20424}
{"time":"2026-01-05T20:08:54.8381075-05:00","level":"INFO","msg":"Listening on server HTTPS/2 -  http://streamingNotifyHub:3003","app":"streamingNotifyHub","pid":5816}
{"time":"2026-01-05T20:08:58.6026621-05:00","level":"INFO","msg":"Listening on server HTTPS/2 -  http://streamingNotifyHub:3003","app":"streamingNotifyHub","pid":31236}
{"time":"2026-01-05T20:09:21.1420053-05:00","level":"INFO","msg":"Listening on server HTTPS/2 -  http://streamingNotifyHub:3003","app":"streamingNotifyHub","pid":28524}
{"time":"2026-01-05T20:09:23.188999-05:00","level":"INFO","msg":"Listening on server HTTPS/2 -  http://streamingNotifyHub:3003","app":"streamingNotifyHub","pid":30544}
{"time":"2026-01-05T20:09:23.1905774-05:00","level":"ERROR","msg":"Error Fiber ListenTLS","app":"streamingNotifyHub","pid":30544,"error":"failed to listen: listen tcp4 :3003: bind: Only one usage of each socket address (protocol/network address/port) is normally permitted."}
{"time":"2026-01-05T20:09:24.4849307-05:00","level":"INFO","msg":"Listening on server HTTPS/2 -  http://streamingNotifyHub:3003","app":"streamingNotifyHub","pid":28364}
{"time":"2026-01-05T20:09:27.7476861-05:00","level":"INFO","msg":"Listening on server HTTPS/2 -  http://streamingNotifyHub:3003","app":"streamingNotifyHub","pid":31704}
{"time":"2026-01-05T20:09:58.6068391-05:00","level":"INFO","msg":"Listening on server HTTPS/2 -  http://streamingNotifyHub:3003","app":"streamingNotifyHub","pid":28372}
{"time":"2026-01-05T20:10:00.6133163-05:00","level":"INFO","msg":"Listening on server HTTPS/2 -  http://streamingNotifyHub:3003","app":"streamingNotifyHub","pid":18932}
{"time":"2026-01-05T20:10:07.4592166-05:00","level":"INFO","msg":"Listening on server HTTPS/2 -  http://streamingNotifyHub:3003","app":"streamingNotifyHub","pid":4576}
{"time":"2026-01-05T20:10:22.3706107-05:00","level":"INFO","msg":"Listening on server HTTPS/2 -  http://streamingNotifyHub:3003","app":"streamingNotifyHub","pid":30752}
{"time":"2026-01-05T20:10:32.3144981-05:00","level":"INFO","msg":"Listening on server HTTPS/2 -  http://streamingNotifyHub:3003","app":"streamingNotifyHub","pid":28184}
{"time":"2026-01-05T20:10:37.4413214-05:00","level":"INFO","msg":"Listening on server HTTPS/2 -  http://streamingNotifyHub:3003","app":"streamingNotifyHub","pid":27780}
{"time":"2026-01-05T20:10:39.5650144-05:00","level":"INFO","msg":"Listening on server HTTPS/2 -  http://streamingNotifyHub:3003","app":"streamingNotifyHub","pid":29296}
{"time":"2026-01-05T20:10:39.5677913-05:00","level":"ERROR","msg":"Error Fiber ListenTLS","app":"streamingNotifyHub","pid":29296,"error":"failed to listen: listen tcp4 :3003: bind: Only one usage of each socket address (protocol/network address/port) is normally permitted."}
{"time":"2026-01-05T20:13:48.2709398-05:00","level":"INFO","msg":"Listening on server HTTPS/2 -  http://streamingNotifyHub:3003","app":"streamingNotifyHub","pid":6916}
{"time":"2026-01-05T20:15:50.5262469-05:00","level":"INFO","msg":"Listening on server HTTPS/2 -  http://streamingNotifyHub:3003","app":"streamingNotifyHub","pid":26692}
{"time":"2026-01-05T20:16:00.9389168-05:00","level":"INFO","msg":"Listening on server HTTPS/2 -  http://streamingNotifyHub:3003","app":"streamingNotifyHub","pid":18096}
{"time":"2026-01-05T20:16:31.0613287-05:00","level":"DEBUG","msg":"ssss","app":"streamingNotifyHub","pid":18096}
{"time":"2026-01-05T20:16:31.061889-05:00","level":"INFO","msg":"http_request","app":"streamingNotifyHub","pid":18096,"ip":"127.0.0.1","method":"POST","path":"/api/v1/system/add_new_account","status":404,"latency_ms":0.56}
{"time":"2026-01-05T20:16:43.1859366-05:00","level":"DEBUG","msg":"ssss","app":"streamingNotifyHub","pid":18096}
{"time":"2026-01-05T20:16:43.1859366-05:00","level":"INFO","msg":"http_request","app":"streamingNotifyHub","pid":18096,"ip":"127.0.0.1","method":"POST","path":"/api/v1/system/add_new_account","status":404,"latency_ms":0}
{"time":"2026-01-05T20:16:44.4850853-05:00","level":"DEBUG","msg":"ssss","app":"streamingNotifyHub","pid":18096}
{"time":"2026-01-05T20:16:44.4850853-05:00","level":"INFO","msg":"http_request","app":"streamingNotifyHub","pid":18096,"ip":"127.0.0.1","method":"POST","path":"/api/v1/system/add_new_account","status":404,"latency_ms":0}
{"time":"2026-01-05T20:17:18.6936548-05:00","level":"INFO","msg":"Listening on server HTTPS/2 -  http://streamingNotifyHub:3003","app":"streamingNotifyHub","pid":31052}
{"time":"2026-01-05T20:17:20.2000287-05:00","level":"INFO","msg":"Listening on server HTTPS/2 -  http://streamingNotifyHub:3003","app":"streamingNotifyHub","pid":30588}
{"time":"2026-01-05T20:17:21.4559892-05:00","level":"DEBUG","msg":"ssss","app":"streamingNotifyHub","pid":30588}
{"time":"2026-01-05T20:17:21.4565472-05:00","level":"INFO","msg":"http_request","app":"streamingNotifyHub","pid":30588,"ip":"127.0.0.1","method":"POST","path":"/api/v1/system/add_new_account","status":200,"latency_ms":0.558}
{"time":"2026-01-05T20:17:42.8437786-05:00","level":"INFO","msg":"Listening on server HTTPS/2 -  http://streamingNotifyHub:3003","app":"streamingNotifyHub","pid":2992}
{"time":"2026-01-05T20:18:07.0408406-05:00","level":"DEBUG","msg":"ssss","app":"streamingNotifyHub","pid":2992}
{"time":"2026-01-05T20:18:07.0414224-05:00","level":"INFO","msg":"http_request","app":"streamingNotifyHub","pid":2992,"ip":"127.0.0.1","method":"POST","path":"/api/v1/system/add_new_account","status":200,"latency_ms":0.581}
{"time":"2026-01-05T20:18:21.2923757-05:00","level":"DEBUG","msg":"ssss","app":"streamingNotifyHub","pid":2992}
{"time":"2026-01-05T20:18:21.2923757-05:00","level":"INFO","msg":"http_request","app":"streamingNotifyHub","pid":2992,"ip":"127.0.0.1","method":"POST","path":"/api/v1/system/add_new_account","status":200,"latency_ms":0.992}
{"time":"2026-01-05T20:18:46.9695805-05:00","level":"DEBUG","msg":"ssss","app":"streamingNotifyHub","pid":2992}
{"time":"2026-01-05T20:18:46.9695805-05:00","level":"INFO","msg":"http_request","app":"streamingNotifyHub","pid":2992,"ip":"127.0.0.1","method":"POST","path":"/api/v1/system/add_new_account","status":200,"latency_ms":0.931}
{"time":"2026-01-05T20:18:48.1264467-05:00","level":"DEBUG","msg":"ssss","app":"streamingNotifyHub","pid":2992}
{"time":"2026-01-05T20:18:48.127272-05:00","level":"INFO","msg":"http_request","app":"streamingNotifyHub","pid":2992,"ip":"127.0.0.1","method":"POST","path":"/api/v1/system/add_new_account","status":200,"latency_ms":0.825}
{"time":"2026-01-05T20:18:49.5765938-05:00","level":"DEBUG","msg":"ssss","app":"streamingNotifyHub","pid":2992}
{"time":"2026-01-05T20:18:49.5765938-05:00","level":"INFO","msg":"http_request","app":"streamingNotifyHub","pid":2992,"ip":"127.0.0.1","method":"POST","path":"/api/v1/system/add_new_account","status":200,"latency_ms":0}
{"time":"2026-01-05T20:19:52.9152986-05:00","level":"INFO","msg":"Listening on server HTTPS/2 -  http://streamingNotifyHub:3003","app":"streamingNotifyHub","pid":30680}
{"time":"2026-01-05T20:19:56.3509185-05:00","level":"ERROR","msg":"json: Unmarshal(non-pointer command.EntityRegisterAccountCommand)","app":"streamingNotifyHub","pid":30680}
{"time":"2026-01-05T20:19:56.3509185-05:00","level":"DEBUG","msg":"ssss","app":"streamingNotifyHub","pid":30680}
{"time":"2026-01-05T20:19:56.3509185-05:00","level":"INFO","msg":"http_request","app":"streamingNotifyHub","pid":30680,"ip":"127.0.0.1","method":"POST","path":"/api/v1/system/add_new_account","status":200,"latency_ms":0}
{"time":"2026-01-05T20:20:18.1707248-05:00","level":"ERROR","msg":"json: Unmarshal(non-pointer command.EntityRegisterAccountCommand)","app":"streamingNotifyHub","pid":30680}
{"time":"2026-01-05T20:20:18.1707248-05:00","level":"DEBUG","msg":"ssss","app":"streamingNotifyHub","pid":30680}
{"time":"2026-01-05T20:20:18.1707248-05:00","level":"INFO","msg":"http_request","app":"streamingNotifyHub","pid":30680,"ip":"127.0.0.1","method":"POST","path":"/api/v1/system/add_new_account","status":200,"latency_ms":0}
{"time":"2026-01-05T20:20:44.9192925-05:00","level":"INFO","msg":"Listening on server HTTPS/2 -  http://streamingNotifyHub:3003","app":"streamingNotifyHub","pid":25816}
{"time":"2026-01-05T20:20:46.2511549-05:00","level":"DEBUG","msg":"ssss","app":"streamingNotifyHub","pid":25816}
{"time":"2026-01-05T20:20:46.2511549-05:00","level":"INFO","msg":"http_request","app":"streamingNotifyHub","pid":25816,"ip":"127.0.0.1","method":"POST","path":"/api/v1/system/add_new_account","status":200,"latency_ms":0.611}
{"time":"2026-01-05T20:20:48.3642711-05:00","level":"DEBUG","msg":"ssss","app":"streamingNotifyHub","pid":25816}
{"time":"2026-01-05T20:20:48.3642711-05:00","level":"INFO","msg":"http_request","app":"streamingNotifyHub","pid":25816,"ip":"127.0.0.1","method":"POST","path":"/api/v1/system/add_new_account","status":200,"latency_ms":0}
{"time":"2026-01-05T20:20:49.3341446-05:00","level":"DEBUG","msg":"ssss","app":"streamingNotifyHub","pid":25816}
{"time":"2026-01-05T20:20:49.3341446-05:00","level":"INFO","msg":"http_request","app":"streamingNotifyHub","pid":25816,"ip":"127.0.0.1","method":"POST","path":"/api/v1/system/add_new_account","status":200,"latency_ms":0}
{"time":"2026-01-05T20:20:51.1532019-05:00","level":"DEBUG","msg":"ssss","app":"streamingNotifyHub","pid":25816}
{"time":"2026-01-05T20:20:51.1532019-05:00","level":"INFO","msg":"http_request","app":"streamingNotifyHub","pid":25816,"ip":"127.0.0.1","method":"POST","path":"/api/v1/system/add_new_account","status":200,"latency_ms":0.997}
{"time":"2026-01-05T20:20:52.1096502-05:00","level":"DEBUG","msg":"ssss","app":"streamingNotifyHub","pid":25816}
{"time":"2026-01-05T20:20:52.1096502-05:00","level":"INFO","msg":"http_request","app":"streamingNotifyHub","pid":25816,"ip":"127.0.0.1","method":"POST","path":"/api/v1/system/add_new_account","status":200,"latency_ms":0}
{"time":"2026-01-05T20:20:53.3301315-05:00","level":"DEBUG","msg":"ssss","app":"streamingNotifyHub","pid":25816}
{"time":"2026-01-05T20:20:53.3301315-05:00","level":"INFO","msg":"http_request","app":"streamingNotifyHub","pid":25816,"ip":"127.0.0.1","method":"POST","path":"/api/v1/system/add_new_account","status":200,"latency_ms":0}
{"time":"2026-01-05T20:21:10.4066704-05:00","level":"INFO","msg":"Listening on server HTTPS/2 -  http://streamingNotifyHub:3003","app":"streamingNotifyHub","pid":30444}
{"time":"2026-01-05T20:21:36.8609341-05:00","level":"INFO","msg":"Apagando servidor...","app":"streamingNotifyHub","pid":30444}
{"time":"2026-01-05T20:21:49.7603033-05:00","level":"INFO","msg":"Listening on server HTTPS/2 -  http://streamingNotifyHub:3003","app":"streamingNotifyHub","pid":31196}
{"time":"2026-01-05T20:22:19.5103488-05:00","level":"INFO","msg":"Apagando servidor...","app":"streamingNotifyHub","pid":31196}
{"time":"2026-01-05T20:22:26.5553695-05:00","level":"INFO","msg":"Listening on server HTTPS/2 -  http://streamingNotifyHub:3003","app":"streamingNotifyHub","pid":23548}
{"time":"2026-01-05T20:31:14.3739802-05:00","level":"INFO","msg":"Listening on server HTTPS/2 -  http://streamingNotifyHub:3003","app":"streamingNotifyHub","pid":13120}
{"time":"2026-01-05T20:31:44.1997008-05:00","level":"INFO","msg":"Listening on server HTTPS/2 -  http://streamingNotifyHub:3003","app":"streamingNotifyHub","pid":17992}
{"time":"2026-01-05T20:34:43.579836-05:00","level":"INFO","msg":"Listening on server HTTPS/2 -  http://streamingNotifyHub:3003","app":"streamingNotifyHub","pid":24788}
{"time":"2026-01-05T20:34:48.9479753-05:00","level":"DEBUG","msg":"ssss","app":"streamingNotifyHub","pid":24788}
{"time":"2026-01-05T20:34:48.9479753-05:00","level":"INFO","msg":"http_request","app":"streamingNotifyHub","pid":24788,"ip":"127.0.0.1","method":"POST","path":"/api/v1/system/add_new_account","status":200,"latency_ms":0}
{"time":"2026-01-05T20:35:27.3661486-05:00","level":"INFO","msg":"Listening on server HTTPS/2 -  http://streamingNotifyHub:3003","app":"streamingNotifyHub","pid":17392}
{"time":"2026-01-05T20:35:39.5509647-05:00","level":"INFO","msg":"Listening on server HTTPS/2 -  http://streamingNotifyHub:3003","app":"streamingNotifyHub","pid":6016}
{"time":"2026-01-05T20:35:40.5747025-05:00","level":"DEBUG","msg":"ssss","app":"streamingNotifyHub","pid":6016}
{"time":"2026-01-05T20:35:40.5752917-05:00","level":"INFO","msg":"http_request","app":"streamingNotifyHub","pid":6016,"ip":"127.0.0.1","method":"POST","path":"/api/v1/system/add_new_account","status":200,"latency_ms":1.147}
{"time":"2026-01-05T20:36:20.2605286-05:00","level":"INFO","msg":"Listening on server HTTPS/2 -  http://streamingNotifyHub:3003","app":"streamingNotifyHub","pid":6672}
{"time":"2026-01-05T20:36:29.8678348-05:00","level":"DEBUG","msg":"ssss","app":"streamingNotifyHub","pid":6672}
{"time":"2026-01-05T20:36:29.8678348-05:00","level":"INFO","msg":"http_request","app":"streamingNotifyHub","pid":6672,"ip":"127.0.0.1","method":"POST","path":"/api/v1/system/add_new_account","status":200,"latency_ms":0.554}
{"time":"2026-01-05T20:37:21.1942307-05:00","level":"INFO","msg":"Apagando servidor...","app":"streamingNotifyHub","pid":6672}
{"time":"2026-01-05T20:37:24.3367677-05:00","level":"INFO","msg":"Listening on server HTTPS/2 -  http://streamingNotifyHub:3003","app":"streamingNotifyHub","pid":9096}
{"time":"2026-01-05T20:37:40.0578298-05:00","level":"DEBUG","msg":"ssss","app":"streamingNotifyHub","pid":9096}
{"time":"2026-01-05T20:37:40.0578298-05:00","level":"INFO","msg":"http_request","app":"streamingNotifyHub","pid":9096,"ip":"127.0.0.1","method":"POST","path":"/api/v1/system/add_new_account","status":200,"latency_ms":0.633}
{"time":"2026-01-05T20:37:41.3427474-05:00","level":"DEBUG","msg":"ssss","app":"streamingNotifyHub","pid":9096}
{"time":"2026-01-05T20:37:41.3427474-05:00","level":"INFO","msg":"http_request","app":"streamingNotifyHub","pid":9096,"ip":"127.0.0.1","method":"POST","path":"/api/v1/system/add_new_account","status":200,"latency_ms":0}
{"time":"2026-01-05T20:38:22.6683557-05:00","level":"INFO","msg":"Listening on server HTTPS/2 -  http://streamingNotifyHub:3003","app":"streamingNotifyHub","pid":19728}
{"time":"2026-01-05T20:40:38.3124733-05:00","level":"INFO","msg":"Listening on server HTTPS/2 -  http://streamingNotifyHub:3003","app":"streamingNotifyHub","pid":28852}
{"time":"2026-01-05T20:41:09.1816754-05:00","level":"INFO","msg":"Listening on server HTTPS/2 -  http://streamingNotifyHub:3003","app":"streamingNotifyHub","pid":29744}
{"time":"2026-01-05T20:41:27.6904249-05:00","level":"INFO","msg":"Apagando servidor...","app":"streamingNotifyHub","pid":29744}
{"time":"2026-01-05T20:41:30.4129814-05:00","level":"INFO","msg":"Listening on server HTTPS/2 -  http://streamingNotifyHub:3003","app":"streamingNotifyHub","pid":31680}
{"time":"2026-01-05T20:41:39.29417-05:00","level":"DEBUG","msg":"ssss","app":"streamingNotifyHub","pid":31680}
{"time":"2026-01-05T20:41:39.2948223-05:00","level":"INFO","msg":"http_request","app":"streamingNotifyHub","pid":31680,"ip":"127.0.0.1","method":"POST","path":"/api/v1/system/add_new_account","status":200,"latency_ms":2.112}
{"time":"2026-01-05T20:41:44.8966114-05:00","level":"DEBUG","msg":"ssss","app":"streamingNotifyHub","pid":31680}
{"time":"2026-01-05T20:41:44.8966114-05:00","level":"INFO","msg":"http_request","app":"streamingNotifyHub","pid":31680,"ip":"127.0.0.1","method":"POST","path":"/api/v1/system/add_new_account","status":200,"latency_ms":0}
{"time":"2026-01-05T20:42:37.7463185-05:00","level":"INFO","msg":"Listening on server HTTPS/2 -  http://streamingNotifyHub:3003","app":"streamingNotifyHub","pid":14836}
{"time":"2026-01-05T20:42:41.825682-05:00","level":"DEBUG","msg":"ssss","app":"streamingNotifyHub","pid":14836}
{"time":"2026-01-05T20:42:41.8263054-05:00","level":"INFO","msg":"http_request","app":"streamingNotifyHub","pid":14836,"ip":"127.0.0.1","method":"POST","path":"/api/v1/system/add_new_account","status":200,"latency_ms":1.164}
{"time":"2026-01-05T20:44:27.9438859-05:00","level":"INFO","msg":"Listening on server HTTPS/2 -  http://streamingNotifyHub:3003","app":"streamingNotifyHub","pid":26692}
{"time":"2026-01-05T20:44:28.0866729-05:00","level":"INFO","msg":"Listening on server HTTPS/2 -  http://streamingNotifyHub:3003","app":"streamingNotifyHub","pid":25128}
{"time":"2026-01-05T20:44:29.5812291-05:00","level":"DEBUG","msg":"ssss","app":"streamingNotifyHub","pid":25128}
{"time":"2026-01-05T20:44:29.5817885-05:00","level":"INFO","msg":"http_request","app":"streamingNotifyHub","pid":25128,"ip":"127.0.0.1","method":"POST","path":"/api/v1/system/add_new_account","status":200,"latency_ms":1.121}
{"time":"2026-01-05T20:45:33.6742667-05:00","level":"DEBUG","msg":"ssss","app":"streamingNotifyHub","pid":25128}
{"time":"2026-01-05T20:45:33.6742667-05:00","level":"INFO","msg":"http_request","app":"streamingNotifyHub","pid":25128,"ip":"127.0.0.1","method":"POST","path":"/api/v1/system/add_new_account","status":200,"latency_ms":0}
{"time":"2026-01-05T20:47:01.0696045-05:00","level":"INFO","msg":"Listening on server HTTPS/2 -  http://streamingNotifyHub:3003","app":"streamingNotifyHub","pid":5036}
{"time":"2026-01-05T20:47:11.6457004-05:00","level":"DEBUG","msg":"ssss","app":"streamingNotifyHub","pid":5036}
{"time":"2026-01-05T20:47:11.6457004-05:00","level":"INFO","msg":"http_request","app":"streamingNotifyHub","pid":5036,"ip":"127.0.0.1","method":"POST","path":"/api/v1/system/add_new_account","status":200,"latency_ms":0.528}
{"time":"2026-01-05T20:50:48.2831995-05:00","level":"INFO","msg":"Apagando servidor...","app":"streamingNotifyHub","pid":5036}
{"time":"2026-01-05T20:50:50.5039586-05:00","level":"INFO","msg":"Listening on server HTTPS/2 -  http://streamingNotifyHub:3003","app":"streamingNotifyHub","pid":25720}
{"time":"2026-01-05T20:52:58.6183229-05:00","level":"INFO","msg":"Apagando servidor...","app":"streamingNotifyHub","pid":25720}
